// Jest Snapshot v1, https://goo.gl/fbAQLP

exports[`UI/lists/ContentItem should render correctly 1`] = `ShallowWrapper {}`;

exports[`UI/lists/ContentItem should render correctly with minimal config 1`] = `ShallowWrapper {}`;
