// Jest Snapshot v1, https://goo.gl/fbAQLP

exports[`UI/navigation/TopBar should render correctly 1`] = `ReactWrapper {}`;
